// Jest Snapshot v1, https://goo.gl/fbAQLP

exports[`Tests for the track Page Should render the track page 1`] = `
<MemoryRouter>
  <Router
    history={
      Object {
        "action": "POP",
        "block": [Function],
        "canGo": [Function],
        "createHref": [Function],
        "entries": Array [
          Object {
            "hash": "",
            "key": "5h1gs8",
            "pathname": "/",
            "search": "",
            "state": undefined,
          },
        ],
        "go": [Function],
        "goBack": [Function],
        "goForward": [Function],
        "index": 0,
        "length": 1,
        "listen": [Function],
        "location": Object {
          "hash": "",
          "key": "5h1gs8",
          "pathname": "/",
          "search": "",
          "state": undefined,
        },
        "push": [Function],
        "replace": [Function],
      }
    }
  >
    <GetUserOrders
      getOrder={
        [MockFunction] {
          "calls": Array [
            Array [
              "chinchin",
            ],
          ],
          "results": Array [
            Object {
              "type": "return",
              "value": Promise {},
            },
          ],
        }
      }
      login={
        Object {
          "isLoggedIn": true,
        }
      }
      orders={
        Object {
          "orders": Array [
            Object {
              "fromAddress": "Oyedeji Haven, Jagun Old Ife Road Ibadan",
              "toAddress": "Oyedeji Haven, Jagun Old Ife Road Ibadan",
              "weight": "2",
            },
            Object {
              "fromAddress": "Oyedeji Haven, Jagun Old Ife Road Ibadan",
              "toAddress": "Oyedeji Haven, Jagun Old Ife Road Ibadan",
              "weight": "2",
            },
          ],
        }
      }
    >
      <div
        className="track"
      >
        <div>
          <Header>
            <div
              className="header"
              id="header"
            >
              <ToastContainer
                autoClose={5000}
                bodyClassName={null}
                className={null}
                closeButton={
                  <CloseButton
                    ariaLabel="close"
                  />
                }
                closeOnClick={true}
                draggable={true}
                draggablePercent={80}
                hideProgressBar={false}
                newestOnTop={false}
                pauseOnFocusLoss={true}
                pauseOnHover={true}
                position="top-right"
                progressClassName={null}
                progressStyle={null}
                rtl={false}
                style={null}
                toastClassName={null}
                transition={[MockFunction]}
              />
              <header
                className="navBar"
                id="navBar"
              >
                <div
                  id="headerContent"
                >
                  <div
                    className="navigation"
                    id="navigation"
                  >
                    <NavLink
                      activeClassName="active"
                      aria-current="page"
                      className="logout"
                      id="logout"
                      to="/"
                    >
                      <Route
                        path="\\\\/"
                      >
                        <Link
                          aria-current="page"
                          className="logout active"
                          id="logout"
                          replace={false}
                          style={Object {}}
                          to="/"
                        >
                          <a
                            aria-current="page"
                            className="logout active"
                            href="/"
                            id="logout"
                            onClick={[Function]}
                            style={Object {}}
                          >
                            Logout
                          </a>
                        </Link>
                      </Route>
                    </NavLink>
                    <NavLink
                      activeClassName="active"
                      aria-current="page"
                      className="prefile"
                      id="profile"
                      to="/profile"
                    >
                      <Route
                        path="\\\\/profile"
                      >
                        <Link
                          aria-current={null}
                          className="prefile"
                          id="profile"
                          replace={false}
                          to="/profile"
                        >
                          <a
                            aria-current={null}
                            className="prefile"
                            href="/profile"
                            id="profile"
                            onClick={[Function]}
                          >
                            Profile
                          </a>
                        </Link>
                      </Route>
                    </NavLink>
                    <NavLink
                      activeClassName="active"
                      aria-current="page"
                      className="create__order"
                      id="create__order"
                      to="/createOrder"
                    >
                      <Route
                        path="\\\\/createOrder"
                      >
                        <Link
                          aria-current={null}
                          className="create__order"
                          id="create__order"
                          replace={false}
                          to="/createOrder"
                        >
                          <a
                            aria-current={null}
                            className="create__order"
                            href="/createOrder"
                            id="create__order"
                            onClick={[Function]}
                          >
                            Create Order
                          </a>
                        </Link>
                      </Route>
                    </NavLink>
                    <NavLink
                      activeClassName="active"
                      aria-current="page"
                      className="track"
                      id="track"
                      to="/track"
                    >
                      <Route
                        path="\\\\/track"
                      >
                        <Link
                          aria-current={null}
                          className="track"
                          id="track"
                          replace={false}
                          to="/track"
                        >
                          <a
                            aria-current={null}
                            className="track"
                            href="/track"
                            id="track"
                            onClick={[Function]}
                          >
                            Track
                          </a>
                        </Link>
                      </Route>
                    </NavLink>
                    <a
                      className="icon"
                      id="icon"
                      onClick={[Function]}
                    >
                      <i
                        className="fa fa-bars"
                      />
                    </a>
                  </div>
                </div>
                <div
                  className="blink_caption"
                  href="home.html"
                >
                  <div
                    className="blink"
                    id="blin"
                  >
                    Just SendIT!!!
                  </div>
                </div>
              </header>
            </div>
          </Header>
        </div>
        <div
          id="informationFields"
        >
          <div
            className="track--preview"
          >
            <h1>
               Hi User! Track Your Orders 
            </h1>
            <div
              className="navTabs"
              id="navTabs"
            >
              <a
                className="navLink active"
                onClick={[Function]}
              >
                NEW ORDERS
              </a>
              <a
                className="navLink"
                onClick={[Function]}
              >
                PENDING ORDERS
              </a>
              <a
                className="navLink"
                onClick={[Function]}
              >
                CANCELLED ORDERSÂ 
              </a>
            </div>
            <div
              id="information"
            >
              <div
                className="newPending-active"
                id="shipmentOrder"
              >
                <p
                  className="no__order"
                >
                  No Order
                </p>
              </div>
            </div>
          </div>
        </div>
      </div>
    </GetUserOrders>
  </Router>
</MemoryRouter>
`;
