// Jest Snapshot v1, https://goo.gl/fbAQLP

exports[`Tests for the track Page Should render the track page 1`] = `
<MemoryRouter>
  <Router
    history={
      Object {
        "action": "POP",
        "block": [Function],
        "canGo": [Function],
        "createHref": [Function],
        "entries": Array [
          Object {
            "hash": "",
            "key": "ur37ke",
            "pathname": "/",
            "search": "",
            "state": undefined,
          },
        ],
        "go": [Function],
        "goBack": [Function],
        "goForward": [Function],
        "index": 0,
        "length": 1,
        "listen": [Function],
        "location": Object {
          "hash": "",
          "key": "ur37ke",
          "pathname": "/",
          "search": "",
          "state": undefined,
        },
        "push": [Function],
        "replace": [Function],
      }
    }
  >
    <GetAllOrders
      allOrders={
        Object {
          "allOrders": Array [
            Object {
              "fromAddress": "Oyedeji Haven, Jagun Old Ife Road Ibadan",
              "toAddress": "Oyedeji Haven, Jagun Old Ife Road Ibadan",
              "weight": "2",
            },
            Object {
              "fromAddress": "Oyedeji Haven, Jagun Old Ife Road Ibadan",
              "toAddress": "Oyedeji Haven, Jagun Old Ife Road Ibadan",
              "weight": "2",
            },
          ],
        }
      }
      getAllOrders={
        [MockFunction] {
          "calls": Array [
            Array [],
          ],
          "results": Array [
            Object {
              "type": "return",
              "value": Promise {},
            },
          ],
        }
      }
      login={
        Object {
          "isLoggedIn": true,
        }
      }
    >
      <div>
        <div>
          <Header>
            <div
              className="header"
              id="header"
            >
              <ToastContainer
                autoClose={5000}
                bodyClassName={null}
                className={null}
                closeButton={
                  <CloseButton
                    ariaLabel="close"
                  />
                }
                closeOnClick={true}
                draggable={true}
                draggablePercent={80}
                hideProgressBar={false}
                newestOnTop={false}
                pauseOnFocusLoss={true}
                pauseOnHover={true}
                position="top-right"
                progressClassName={null}
                progressStyle={null}
                rtl={false}
                style={null}
                toastClassName={null}
                transition={[MockFunction]}
              />
              <header
                className="navBar"
                id="navBar"
              >
                <div
                  id="headerContent"
                >
                  <div
                    className="navigation"
                    id="navigation"
                  >
                    <Link
                      id="logout"
                      replace={false}
                      to="/"
                    >
                      <a
                        href="/"
                        id="logout"
                        onClick={[Function]}
                      >
                        Logout
                      </a>
                    </Link>
                    <Link
                      id="profile"
                      replace={false}
                      to="/profile"
                    >
                      <a
                        href="/profile"
                        id="profile"
                        onClick={[Function]}
                      >
                        Profile
                      </a>
                    </Link>
                    <Link
                      id="active"
                      replace={false}
                      to="/createOrder"
                    >
                      <a
                        href="/createOrder"
                        id="active"
                        onClick={[Function]}
                      >
                        Create Order
                      </a>
                    </Link>
                    <Link
                      id="track"
                      replace={false}
                      to="/track"
                    >
                      <a
                        href="/track"
                        id="track"
                        onClick={[Function]}
                      >
                        Track
                      </a>
                    </Link>
                    <a
                      className="icon"
                      id="icon"
                      onClick={[Function]}
                    >
                      <i
                        className="fa fa-bars"
                      />
                    </a>
                  </div>
                </div>
                <div
                  className="blink_caption"
                  href="home.html"
                >
                  <div
                    className="blink"
                    id="blin"
                  >
                    Just SendIT!!!
                  </div>
                </div>
              </header>
            </div>
          </Header>
        </div>
        <div
          id="informationFields"
        >
          <div
            className="preview"
            id="preview"
          >
            <h1>
               Hi Admin! Track Your Orders 
            </h1>
            <div
              className="navTabs"
              id="navTabs"
            >
              <a
                className="navLink active"
                onClick={[Function]}
              >
                NEW ORDERS
              </a>
              <a
                className="navLink"
                onClick={[Function]}
              >
                PENDING ORDERS
              </a>
              <a
                className="navLink"
                onClick={[Function]}
              >
                DELIVERED ORDERSÂ 
              </a>
            </div>
            <div
              id="information"
            >
              <div
                className="newPending-active"
                id="shipmentOrder"
              >
                <table>
                  <thead>
                    <tr>
                      <th>
                        Pickup Location
                      </th>
                      <th>
                        Destination
                      </th>
                      <th>
                        weight(kg)
                      </th>
                      <th>
                        Price
                      </th>
                      <th>
                        Date of Order
                      </th>
                      <th>
                        Status
                      </th>
                    </tr>
                    <OrderEntries
                      orders={Array []}
                      showPending={true}
                    />
                  </thead>
                </table>
              </div>
            </div>
          </div>
        </div>
      </div>
    </GetAllOrders>
  </Router>
</MemoryRouter>
`;
